[INFO] Scanning for projects...
[WARNING] 
[WARNING] Some problems were encountered while building the effective model for com.smart:service:jar:0.0.1-SNAPSHOT
[WARNING] 'dependencies.dependency.(groupId:artifactId:type:classifier)' must be unique: org.springframework.boot:spring-boot-starter-security:jar -> duplicate declaration of version (?) @ line 114, column 21
[WARNING] 'dependencies.dependency.(groupId:artifactId:type:classifier)' must be unique: org.springframework.boot:spring-boot-starter-web:jar -> duplicate declaration of version (?) @ line 118, column 21
[WARNING] 'dependencies.dependency.(groupId:artifactId:type:classifier)' must be unique: org.projectlombok:lombok:jar -> duplicate declaration of version (?) @ line 133, column 21
[WARNING] 'dependencies.dependency.(groupId:artifactId:type:classifier)' must be unique: org.springframework.boot:spring-boot-starter-test:jar -> duplicate declaration of version (?) @ line 138, column 21
[WARNING] 
[WARNING] It is highly recommended to fix these problems because they threaten the stability of your build.
[WARNING] 
[WARNING] For this reason, future Maven versions might no longer support building such malformed projects.
[WARNING] 
[INFO] 
[INFO] -------------------------< com.smart:service >--------------------------
[INFO] Building service 0.0.1-SNAPSHOT
[INFO]   from pom.xml
[INFO] --------------------------------[ jar ]---------------------------------
[INFO] 
[INFO] --- clean:3.5.0:clean (default-clean) @ service ---
[INFO] Deleting D:\Soksaby-Go\target
[INFO] 
[INFO] --- resources:3.3.1:resources (default-resources) @ service ---
[INFO] Copying 1 resource from src\main\resources to target\classes
[INFO] Copying 0 resource from src\main\resources to target\classes
[INFO] 
[INFO] --- compiler:3.11.0:compile (default-compile) @ service ---
[INFO] Changes detected - recompiling the module! :source
[INFO] Compiling 111 source files with javac [debug release 21] to target\classes
[WARNING] /D:/Soksaby-Go/src/main/java/com/smart/service/entity/NotificationEntity.java:[33,21] @Builder will ignore the initializing expression entirely. If you want the initializing expression to serve as default, add @Builder.Default. If it is not supposed to be settable during building, make the field final.
[WARNING] /D:/Soksaby-Go/src/main/java/com/smart/service/mapper/TripMapper.java:[21,16] Unmapped target properties: "availableSeats, createdAt, status, deleted, totalReviews, averageRating".
[WARNING] /D:/Soksaby-Go/src/main/java/com/smart/service/mapper/TripMapper.java:[36,10] Unmapped target properties: "availableSeats, createdAt, status, deleted, category, totalReviews, averageRating".
[WARNING] /D:/Soksaby-Go/src/main/java/com/smart/service/mapper/TripMapper.java:[38,50] Unmapped target properties: "id, trip".
[WARNING] /D:/Soksaby-Go/src/main/java/com/smart/service/mapper/DriverApplicationMapper.java:[15,29] Unmapped target properties: "id, rejectionReason, reviewedAt, status, user, createdAt".
[WARNING] /D:/Soksaby-Go/src/main/java/com/smart/service/mapper/DriverApplicationMapper.java:[24,10] Unmapped target properties: "rejectionReason, reviewedAt, createdAt".
[WARNING] /D:/Soksaby-Go/src/main/java/com/smart/service/mapper/UserMapper.java:[32,10] Unmapped target properties: "avatar, isOnline, lastActiveAt".
[INFO] /D:/Soksaby-Go/src/main/java/com/smart/service/entity/RoleEntity.java: D:\Soksaby-Go\src\main\java\com\smart\service\entity\RoleEntity.java uses or overrides a deprecated API.
[INFO] /D:/Soksaby-Go/src/main/java/com/smart/service/entity/RoleEntity.java: Recompile with -Xlint:deprecation for details.
[INFO] ------------------------------------------------------------------------
[INFO] BUILD SUCCESS
[INFO] ------------------------------------------------------------------------
[INFO] Total time:  8.436 s
[INFO] Finished at: 2026-04-03T12:07:55+07:00
[INFO] ------------------------------------------------------------------------
